VCD info: dumpfile C:\hpdata\csvpp_source_tc\csvcompiler_2\cpu_maker_2\verilog\cpu_test.dump opened for output.
target start!!

cpu_for_testbench cpu start!!

Write Access [addr:0000][data:00]
Write Access [addr:0001][data:01]
Write Access [addr:0002][data:02]
Write Access [addr:0003][data:03]
Write Access [addr:0004][data:04]
Write Access [addr:0005][data:05]
Write Access [addr:0006][data:06]
Write Access [addr:0007][data:07]
Write Access [addr:0008][data:08]
Write Access [addr:0009][data:09]
Write Access [addr:000a][data:0a]
Write Access [addr:000b][data:0b]
Write Access [addr:000c][data:0c]
Write Access [addr:000d][data:0d]
Write Access [addr:000e][data:0e]
Write Access [addr:000f][data:0f]
Write Access [addr:0010][data:10]
Write Access [addr:0011][data:11]
Write Access [addr:0012][data:12]
Write Access [addr:0013][data:13]
Write Access [addr:0014][data:14]
Write Access [addr:0015][data:15]
Write Access [addr:0016][data:16]
Write Access [addr:0017][data:17]
Write Access [addr:0018][data:18]
Write Access [addr:0019][data:19]
Write Access [addr:001a][data:1a]
Write Access [addr:001b][data:1b]
Write Access [addr:001c][data:1c]
Write Access [addr:001d][data:1d]
Read Access [addr:0000][data:00]
Read Access [addr:0001][data:01]
Read Access [addr:0002][data:02]
Read Access [addr:0003][data:03]
Read Access [addr:0004][data:04]
Read Access [addr:0005][data:05]
Read Access [addr:0006][data:06]
Read Access [addr:0007][data:07]
Read Access [addr:0008][data:08]
Read Access [addr:0009][data:09]
Read Access [addr:000a][data:0a]
Read Access [addr:000b][data:0b]
Read Access [addr:000c][data:0c]
Read Access [addr:000d][data:0d]
Read Access [addr:000e][data:0e]
Read Access [addr:000f][data:0f]
Read Access [addr:0010][data:10]
Read Access [addr:0011][data:11]
Read Access [addr:0012][data:12]
Read Access [addr:0013][data:13]
Read Access [addr:0014][data:14]
Read Access [addr:0015][data:15]
Read Access [addr:0016][data:16]
Read Access [addr:0017][data:17]
Read Access [addr:0018][data:18]
Read Access [addr:0019][data:19]
Read Access [addr:001a][data:1a]
Read Access [addr:001b][data:1b]
Read Access [addr:001c][data:1c]
Read Access [addr:001d][data:1d]
Result - Good
simlation complete.(cpu_for_testbench)
